[foo, -1, -1] => foo, -2, -1 
[foo, -1, 0] => foo, -2, 0 
[foo, -1, 1] => foo, -2, 0 
[foo, -1, 2] => foo, -2, 0 
[foo, -1, 49] => foo, -2, 47 
[foo, -1, 50] => foo, -2, 48 
[foo, -1, 51] => foo, -2, 49 
[foo, 0, -1] => foo, -1, -1 
[foo, 0, 0] => foo, -1, 0 
[foo, 0, 1] => foo, -1, 0 
[foo, 0, 2] => foo, -1, 0 
[foo, 0, 49] => foo, -1, 47 
[foo, 0, 50] => foo, -1, 48 
[foo, 0, 51] => foo, -1, 49 
[foo, 1, -1] => foo, 0, -1 
[foo, 1, 0] => foo, 0, 0 
[foo, 1, 1] => foo, 0, 0 
[foo, 1, 2] => foo, 0, 1 
[foo, 1, 49] => foo, 0, 48 
[foo, 1, 50] => foo, 0, 49 
[foo, 1, 51] => foo, 0, 50 
[foo, 2, -1] => foo, 1, -1 
[foo, 2, 0] => foo, 1, 0 
[foo, 2, 1] => foo, 1, 0 
[foo, 2, 2] => foo, 1, 1 
[foo, 2, 49] => foo, 1, 48 
[foo, 2, 50] => foo, 1, 49 
[foo, 2, 51] => foo, 1, 50 
[foo, 3, -1] => foo, 2, -1 
[foo, 3, 0] => foo, 2, 0 
[foo, 3, 1] => foo, 2, 0 
[foo, 3, 2] => foo, 2, 1 
[foo, 3, 49] => foo, 2, 48 
[foo, 3, 50] => foo, 2, 49 
[foo, 3, 51] => foo, 2, 50 
[foo, 4, -1] => foo, 3, -1 
[foo, 4, 0] => foo, 3, 0 
[foo, 4, 1] => foo, 3, 0 
[foo, 4, 2] => foo, 3, 1 
[foo, 4, 49] => foo, 3, 48 
[foo, 4, 50] => foo, 3, 49 
[foo, 4, 51] => foo, 3, 50 
[foo, 5, -1] => foo, 4, -1 
[foo, 5, 0] => foo, 4, 0 
[foo, 5, 1] => foo, 4, 0 
[foo, 5, 2] => foo, 4, 1 
[foo, 5, 49] => foo, 4, 48 
[foo, 5, 50] => foo, 4, 49 
[foo, 5, 51] => foo, 4, 50 
[foo, 6, -1] => foo, 5, -1 
[foo, 6, 0] => foo, 5, 0 
[foo, 6, 1] => foo, 5, 0 
[foo, 6, 2] => foo, 5, 1 
[foo, 6, 49] => foo, 5, 48 
[foo, 6, 50] => foo, 5, 49 
[foo, 6, 51] => foo, 5, 50 
[foo, 7, -1] => foo, 6, -1 
[foo, 7, 0] => foo, 6, 0 
[foo, 7, 1] => foo, 6, 0 
[foo, 7, 2] => foo, 6, 1 
[foo, 7, 49] => foo, 6, 48 
[foo, 7, 50] => foo, 6, 49 
[foo, 7, 51] => foo, 6, 50 
[foo, 8, -1] => foo, 7, -1 
[foo, 8, 0] => foo, 7, 0 
[foo, 8, 1] => foo, 7, 0 
[foo, 8, 2] => foo, 7, 1 
[foo, 8, 49] => foo, 7, 48 
[foo, 8, 50] => foo, 7, 49 
[foo, 8, 51] => foo, 7, 50 
[foo, 9, -1] => foo, 8, -1 
[foo, 9, 0] => foo, 8, 0 
[foo, 9, 1] => foo, 8, 0 
[foo, 9, 2] => foo, 8, 1 
[foo, 9, 49] => foo, 8, 48 
[foo, 9, 50] => foo, 8, 49 
[foo, 9, 51] => foo, 8, 50 
[foo, 10, -1] => foo, 9, -1 
[foo, 10, 0] => foo, 9, 0 
[foo, 10, 1] => foo, 9, 0 
[foo, 10, 2] => foo, 9, 1 
[foo, 10, 49] => foo, 9, 48 
[foo, 10, 50] => foo, 9, 49 
[foo, 10, 51] => foo, 9, 50 
[foo, 11, -1] => foo, 10, -1 
[foo, 11, 0] => foo, 10, 0 
[foo, 11, 1] => foo, 10, 0 
[foo, 11, 2] => foo, 10, 1 
[foo, 11, 49] => foo, 10, 48 
[foo, 11, 50] => foo, 10, 49 
[foo, 11, 51] => foo, 10, 50 
[foo, 12, -1] => foo, 11, -1 
[foo, 12, 0] => foo, 11, 0 
[foo, 12, 1] => foo, 11, 0 
[foo, 12, 2] => foo, 11, 1 
[foo, 12, 49] => foo, 11, 48 
[foo, 12, 50] => foo, 11, 49 
[foo, 12, 51] => foo, 11, 50 
[foo, 13, -1] => foo, 12, -1 
[foo, 13, 0] => foo, 12, 0 
[foo, 13, 1] => foo, 12, 0 
[foo, 13, 2] => foo, 12, 1 
[foo, 13, 49] => foo, 12, 48 
[foo, 13, 50] => foo, 12, 49 
[foo, 13, 51] => foo, 12, 50 
[foo, 14, -1] => foo, 13, -1 
[foo, 14, 0] => foo, 13, 0 
[foo, 14, 1] => foo, 13, 0 
[foo, 14, 2] => foo, 13, 1 
[foo, 14, 49] => foo, 13, 48 
[foo, 14, 50] => foo, 13, 49 
[foo, 14, 51] => foo, 13, 50 
[foo, 15, -1] => foo, 14, -1 
[foo, 15, 0] => foo, 14, 0 
[foo, 15, 1] => foo, 14, 0 
[foo, 15, 2] => foo, 14, 1 
[foo, 15, 49] => foo, 14, 48 
[foo, 15, 50] => foo, 14, 49 
[foo, 15, 51] => foo, 14, 50 
[Aged Brie, -1, -1] => Aged Brie, -2, 1 
[Aged Brie, -1, 0] => Aged Brie, -2, 2 
[Aged Brie, -1, 1] => Aged Brie, -2, 3 
[Aged Brie, -1, 2] => Aged Brie, -2, 4 
[Aged Brie, -1, 49] => Aged Brie, -2, 50 
[Aged Brie, -1, 50] => Aged Brie, -2, 50 
[Aged Brie, -1, 51] => Aged Brie, -2, 51 
[Aged Brie, 0, -1] => Aged Brie, -1, 1 
[Aged Brie, 0, 0] => Aged Brie, -1, 2 
[Aged Brie, 0, 1] => Aged Brie, -1, 3 
[Aged Brie, 0, 2] => Aged Brie, -1, 4 
[Aged Brie, 0, 49] => Aged Brie, -1, 50 
[Aged Brie, 0, 50] => Aged Brie, -1, 50 
[Aged Brie, 0, 51] => Aged Brie, -1, 51 
[Aged Brie, 1, -1] => Aged Brie, 0, 0 
[Aged Brie, 1, 0] => Aged Brie, 0, 1 
[Aged Brie, 1, 1] => Aged Brie, 0, 2 
[Aged Brie, 1, 2] => Aged Brie, 0, 3 
[Aged Brie, 1, 49] => Aged Brie, 0, 50 
[Aged Brie, 1, 50] => Aged Brie, 0, 50 
[Aged Brie, 1, 51] => Aged Brie, 0, 51 
[Aged Brie, 2, -1] => Aged Brie, 1, 0 
[Aged Brie, 2, 0] => Aged Brie, 1, 1 
[Aged Brie, 2, 1] => Aged Brie, 1, 2 
[Aged Brie, 2, 2] => Aged Brie, 1, 3 
[Aged Brie, 2, 49] => Aged Brie, 1, 50 
[Aged Brie, 2, 50] => Aged Brie, 1, 50 
[Aged Brie, 2, 51] => Aged Brie, 1, 51 
[Aged Brie, 3, -1] => Aged Brie, 2, 0 
[Aged Brie, 3, 0] => Aged Brie, 2, 1 
[Aged Brie, 3, 1] => Aged Brie, 2, 2 
[Aged Brie, 3, 2] => Aged Brie, 2, 3 
[Aged Brie, 3, 49] => Aged Brie, 2, 50 
[Aged Brie, 3, 50] => Aged Brie, 2, 50 
[Aged Brie, 3, 51] => Aged Brie, 2, 51 
[Aged Brie, 4, -1] => Aged Brie, 3, 0 
[Aged Brie, 4, 0] => Aged Brie, 3, 1 
[Aged Brie, 4, 1] => Aged Brie, 3, 2 
[Aged Brie, 4, 2] => Aged Brie, 3, 3 
[Aged Brie, 4, 49] => Aged Brie, 3, 50 
[Aged Brie, 4, 50] => Aged Brie, 3, 50 
[Aged Brie, 4, 51] => Aged Brie, 3, 51 
[Aged Brie, 5, -1] => Aged Brie, 4, 0 
[Aged Brie, 5, 0] => Aged Brie, 4, 1 
[Aged Brie, 5, 1] => Aged Brie, 4, 2 
[Aged Brie, 5, 2] => Aged Brie, 4, 3 
[Aged Brie, 5, 49] => Aged Brie, 4, 50 
[Aged Brie, 5, 50] => Aged Brie, 4, 50 
[Aged Brie, 5, 51] => Aged Brie, 4, 51 
[Aged Brie, 6, -1] => Aged Brie, 5, 0 
[Aged Brie, 6, 0] => Aged Brie, 5, 1 
[Aged Brie, 6, 1] => Aged Brie, 5, 2 
[Aged Brie, 6, 2] => Aged Brie, 5, 3 
[Aged Brie, 6, 49] => Aged Brie, 5, 50 
[Aged Brie, 6, 50] => Aged Brie, 5, 50 
[Aged Brie, 6, 51] => Aged Brie, 5, 51 
[Aged Brie, 7, -1] => Aged Brie, 6, 0 
[Aged Brie, 7, 0] => Aged Brie, 6, 1 
[Aged Brie, 7, 1] => Aged Brie, 6, 2 
[Aged Brie, 7, 2] => Aged Brie, 6, 3 
[Aged Brie, 7, 49] => Aged Brie, 6, 50 
[Aged Brie, 7, 50] => Aged Brie, 6, 50 
[Aged Brie, 7, 51] => Aged Brie, 6, 51 
[Aged Brie, 8, -1] => Aged Brie, 7, 0 
[Aged Brie, 8, 0] => Aged Brie, 7, 1 
[Aged Brie, 8, 1] => Aged Brie, 7, 2 
[Aged Brie, 8, 2] => Aged Brie, 7, 3 
[Aged Brie, 8, 49] => Aged Brie, 7, 50 
[Aged Brie, 8, 50] => Aged Brie, 7, 50 
[Aged Brie, 8, 51] => Aged Brie, 7, 51 
[Aged Brie, 9, -1] => Aged Brie, 8, 0 
[Aged Brie, 9, 0] => Aged Brie, 8, 1 
[Aged Brie, 9, 1] => Aged Brie, 8, 2 
[Aged Brie, 9, 2] => Aged Brie, 8, 3 
[Aged Brie, 9, 49] => Aged Brie, 8, 50 
[Aged Brie, 9, 50] => Aged Brie, 8, 50 
[Aged Brie, 9, 51] => Aged Brie, 8, 51 
[Aged Brie, 10, -1] => Aged Brie, 9, 0 
[Aged Brie, 10, 0] => Aged Brie, 9, 1 
[Aged Brie, 10, 1] => Aged Brie, 9, 2 
[Aged Brie, 10, 2] => Aged Brie, 9, 3 
[Aged Brie, 10, 49] => Aged Brie, 9, 50 
[Aged Brie, 10, 50] => Aged Brie, 9, 50 
[Aged Brie, 10, 51] => Aged Brie, 9, 51 
[Aged Brie, 11, -1] => Aged Brie, 10, 0 
[Aged Brie, 11, 0] => Aged Brie, 10, 1 
[Aged Brie, 11, 1] => Aged Brie, 10, 2 
[Aged Brie, 11, 2] => Aged Brie, 10, 3 
[Aged Brie, 11, 49] => Aged Brie, 10, 50 
[Aged Brie, 11, 50] => Aged Brie, 10, 50 
[Aged Brie, 11, 51] => Aged Brie, 10, 51 
[Aged Brie, 12, -1] => Aged Brie, 11, 0 
[Aged Brie, 12, 0] => Aged Brie, 11, 1 
[Aged Brie, 12, 1] => Aged Brie, 11, 2 
[Aged Brie, 12, 2] => Aged Brie, 11, 3 
[Aged Brie, 12, 49] => Aged Brie, 11, 50 
[Aged Brie, 12, 50] => Aged Brie, 11, 50 
[Aged Brie, 12, 51] => Aged Brie, 11, 51 
[Aged Brie, 13, -1] => Aged Brie, 12, 0 
[Aged Brie, 13, 0] => Aged Brie, 12, 1 
[Aged Brie, 13, 1] => Aged Brie, 12, 2 
[Aged Brie, 13, 2] => Aged Brie, 12, 3 
[Aged Brie, 13, 49] => Aged Brie, 12, 50 
[Aged Brie, 13, 50] => Aged Brie, 12, 50 
[Aged Brie, 13, 51] => Aged Brie, 12, 51 
[Aged Brie, 14, -1] => Aged Brie, 13, 0 
[Aged Brie, 14, 0] => Aged Brie, 13, 1 
[Aged Brie, 14, 1] => Aged Brie, 13, 2 
[Aged Brie, 14, 2] => Aged Brie, 13, 3 
[Aged Brie, 14, 49] => Aged Brie, 13, 50 
[Aged Brie, 14, 50] => Aged Brie, 13, 50 
[Aged Brie, 14, 51] => Aged Brie, 13, 51 
[Aged Brie, 15, -1] => Aged Brie, 14, 0 
[Aged Brie, 15, 0] => Aged Brie, 14, 1 
[Aged Brie, 15, 1] => Aged Brie, 14, 2 
[Aged Brie, 15, 2] => Aged Brie, 14, 3 
[Aged Brie, 15, 49] => Aged Brie, 14, 50 
[Aged Brie, 15, 50] => Aged Brie, 14, 50 
[Aged Brie, 15, 51] => Aged Brie, 14, 51 
[Backstage passes to a TAFKAL80ETC concert, -1, -1] => Backstage passes to a TAFKAL80ETC concert, -2, 0 
[Backstage passes to a TAFKAL80ETC concert, -1, 0] => Backstage passes to a TAFKAL80ETC concert, -2, 0 
[Backstage passes to a TAFKAL80ETC concert, -1, 1] => Backstage passes to a TAFKAL80ETC concert, -2, 0 
[Backstage passes to a TAFKAL80ETC concert, -1, 2] => Backstage passes to a TAFKAL80ETC concert, -2, 0 
[Backstage passes to a TAFKAL80ETC concert, -1, 49] => Backstage passes to a TAFKAL80ETC concert, -2, 0 
[Backstage passes to a TAFKAL80ETC concert, -1, 50] => Backstage passes to a TAFKAL80ETC concert, -2, 0 
[Backstage passes to a TAFKAL80ETC concert, -1, 51] => Backstage passes to a TAFKAL80ETC concert, -2, 0 
[Backstage passes to a TAFKAL80ETC concert, 0, -1] => Backstage passes to a TAFKAL80ETC concert, -1, 0 
[Backstage passes to a TAFKAL80ETC concert, 0, 0] => Backstage passes to a TAFKAL80ETC concert, -1, 0 
[Backstage passes to a TAFKAL80ETC concert, 0, 1] => Backstage passes to a TAFKAL80ETC concert, -1, 0 
[Backstage passes to a TAFKAL80ETC concert, 0, 2] => Backstage passes to a TAFKAL80ETC concert, -1, 0 
[Backstage passes to a TAFKAL80ETC concert, 0, 49] => Backstage passes to a TAFKAL80ETC concert, -1, 0 
[Backstage passes to a TAFKAL80ETC concert, 0, 50] => Backstage passes to a TAFKAL80ETC concert, -1, 0 
[Backstage passes to a TAFKAL80ETC concert, 0, 51] => Backstage passes to a TAFKAL80ETC concert, -1, 0 
[Backstage passes to a TAFKAL80ETC concert, 1, -1] => Backstage passes to a TAFKAL80ETC concert, 0, 2 
[Backstage passes to a TAFKAL80ETC concert, 1, 0] => Backstage passes to a TAFKAL80ETC concert, 0, 3 
[Backstage passes to a TAFKAL80ETC concert, 1, 1] => Backstage passes to a TAFKAL80ETC concert, 0, 4 
[Backstage passes to a TAFKAL80ETC concert, 1, 2] => Backstage passes to a TAFKAL80ETC concert, 0, 5 
[Backstage passes to a TAFKAL80ETC concert, 1, 49] => Backstage passes to a TAFKAL80ETC concert, 0, 50 
[Backstage passes to a TAFKAL80ETC concert, 1, 50] => Backstage passes to a TAFKAL80ETC concert, 0, 50 
[Backstage passes to a TAFKAL80ETC concert, 1, 51] => Backstage passes to a TAFKAL80ETC concert, 0, 51 
[Backstage passes to a TAFKAL80ETC concert, 2, -1] => Backstage passes to a TAFKAL80ETC concert, 1, 2 
[Backstage passes to a TAFKAL80ETC concert, 2, 0] => Backstage passes to a TAFKAL80ETC concert, 1, 3 
[Backstage passes to a TAFKAL80ETC concert, 2, 1] => Backstage passes to a TAFKAL80ETC concert, 1, 4 
[Backstage passes to a TAFKAL80ETC concert, 2, 2] => Backstage passes to a TAFKAL80ETC concert, 1, 5 
[Backstage passes to a TAFKAL80ETC concert, 2, 49] => Backstage passes to a TAFKAL80ETC concert, 1, 50 
[Backstage passes to a TAFKAL80ETC concert, 2, 50] => Backstage passes to a TAFKAL80ETC concert, 1, 50 
[Backstage passes to a TAFKAL80ETC concert, 2, 51] => Backstage passes to a TAFKAL80ETC concert, 1, 51 
[Backstage passes to a TAFKAL80ETC concert, 3, -1] => Backstage passes to a TAFKAL80ETC concert, 2, 2 
[Backstage passes to a TAFKAL80ETC concert, 3, 0] => Backstage passes to a TAFKAL80ETC concert, 2, 3 
[Backstage passes to a TAFKAL80ETC concert, 3, 1] => Backstage passes to a TAFKAL80ETC concert, 2, 4 
[Backstage passes to a TAFKAL80ETC concert, 3, 2] => Backstage passes to a TAFKAL80ETC concert, 2, 5 
[Backstage passes to a TAFKAL80ETC concert, 3, 49] => Backstage passes to a TAFKAL80ETC concert, 2, 50 
[Backstage passes to a TAFKAL80ETC concert, 3, 50] => Backstage passes to a TAFKAL80ETC concert, 2, 50 
[Backstage passes to a TAFKAL80ETC concert, 3, 51] => Backstage passes to a TAFKAL80ETC concert, 2, 51 
[Backstage passes to a TAFKAL80ETC concert, 4, -1] => Backstage passes to a TAFKAL80ETC concert, 3, 2 
[Backstage passes to a TAFKAL80ETC concert, 4, 0] => Backstage passes to a TAFKAL80ETC concert, 3, 3 
[Backstage passes to a TAFKAL80ETC concert, 4, 1] => Backstage passes to a TAFKAL80ETC concert, 3, 4 
[Backstage passes to a TAFKAL80ETC concert, 4, 2] => Backstage passes to a TAFKAL80ETC concert, 3, 5 
[Backstage passes to a TAFKAL80ETC concert, 4, 49] => Backstage passes to a TAFKAL80ETC concert, 3, 50 
[Backstage passes to a TAFKAL80ETC concert, 4, 50] => Backstage passes to a TAFKAL80ETC concert, 3, 50 
[Backstage passes to a TAFKAL80ETC concert, 4, 51] => Backstage passes to a TAFKAL80ETC concert, 3, 51 
[Backstage passes to a TAFKAL80ETC concert, 5, -1] => Backstage passes to a TAFKAL80ETC concert, 4, 2 
[Backstage passes to a TAFKAL80ETC concert, 5, 0] => Backstage passes to a TAFKAL80ETC concert, 4, 3 
[Backstage passes to a TAFKAL80ETC concert, 5, 1] => Backstage passes to a TAFKAL80ETC concert, 4, 4 
[Backstage passes to a TAFKAL80ETC concert, 5, 2] => Backstage passes to a TAFKAL80ETC concert, 4, 5 
[Backstage passes to a TAFKAL80ETC concert, 5, 49] => Backstage passes to a TAFKAL80ETC concert, 4, 50 
[Backstage passes to a TAFKAL80ETC concert, 5, 50] => Backstage passes to a TAFKAL80ETC concert, 4, 50 
[Backstage passes to a TAFKAL80ETC concert, 5, 51] => Backstage passes to a TAFKAL80ETC concert, 4, 51 
[Backstage passes to a TAFKAL80ETC concert, 6, -1] => Backstage passes to a TAFKAL80ETC concert, 5, 1 
[Backstage passes to a TAFKAL80ETC concert, 6, 0] => Backstage passes to a TAFKAL80ETC concert, 5, 2 
[Backstage passes to a TAFKAL80ETC concert, 6, 1] => Backstage passes to a TAFKAL80ETC concert, 5, 3 
[Backstage passes to a TAFKAL80ETC concert, 6, 2] => Backstage passes to a TAFKAL80ETC concert, 5, 4 
[Backstage passes to a TAFKAL80ETC concert, 6, 49] => Backstage passes to a TAFKAL80ETC concert, 5, 50 
[Backstage passes to a TAFKAL80ETC concert, 6, 50] => Backstage passes to a TAFKAL80ETC concert, 5, 50 
[Backstage passes to a TAFKAL80ETC concert, 6, 51] => Backstage passes to a TAFKAL80ETC concert, 5, 51 
[Backstage passes to a TAFKAL80ETC concert, 7, -1] => Backstage passes to a TAFKAL80ETC concert, 6, 1 
[Backstage passes to a TAFKAL80ETC concert, 7, 0] => Backstage passes to a TAFKAL80ETC concert, 6, 2 
[Backstage passes to a TAFKAL80ETC concert, 7, 1] => Backstage passes to a TAFKAL80ETC concert, 6, 3 
[Backstage passes to a TAFKAL80ETC concert, 7, 2] => Backstage passes to a TAFKAL80ETC concert, 6, 4 
[Backstage passes to a TAFKAL80ETC concert, 7, 49] => Backstage passes to a TAFKAL80ETC concert, 6, 50 
[Backstage passes to a TAFKAL80ETC concert, 7, 50] => Backstage passes to a TAFKAL80ETC concert, 6, 50 
[Backstage passes to a TAFKAL80ETC concert, 7, 51] => Backstage passes to a TAFKAL80ETC concert, 6, 51 
[Backstage passes to a TAFKAL80ETC concert, 8, -1] => Backstage passes to a TAFKAL80ETC concert, 7, 1 
[Backstage passes to a TAFKAL80ETC concert, 8, 0] => Backstage passes to a TAFKAL80ETC concert, 7, 2 
[Backstage passes to a TAFKAL80ETC concert, 8, 1] => Backstage passes to a TAFKAL80ETC concert, 7, 3 
[Backstage passes to a TAFKAL80ETC concert, 8, 2] => Backstage passes to a TAFKAL80ETC concert, 7, 4 
[Backstage passes to a TAFKAL80ETC concert, 8, 49] => Backstage passes to a TAFKAL80ETC concert, 7, 50 
[Backstage passes to a TAFKAL80ETC concert, 8, 50] => Backstage passes to a TAFKAL80ETC concert, 7, 50 
[Backstage passes to a TAFKAL80ETC concert, 8, 51] => Backstage passes to a TAFKAL80ETC concert, 7, 51 
[Backstage passes to a TAFKAL80ETC concert, 9, -1] => Backstage passes to a TAFKAL80ETC concert, 8, 1 
[Backstage passes to a TAFKAL80ETC concert, 9, 0] => Backstage passes to a TAFKAL80ETC concert, 8, 2 
[Backstage passes to a TAFKAL80ETC concert, 9, 1] => Backstage passes to a TAFKAL80ETC concert, 8, 3 
[Backstage passes to a TAFKAL80ETC concert, 9, 2] => Backstage passes to a TAFKAL80ETC concert, 8, 4 
[Backstage passes to a TAFKAL80ETC concert, 9, 49] => Backstage passes to a TAFKAL80ETC concert, 8, 50 
[Backstage passes to a TAFKAL80ETC concert, 9, 50] => Backstage passes to a TAFKAL80ETC concert, 8, 50 
[Backstage passes to a TAFKAL80ETC concert, 9, 51] => Backstage passes to a TAFKAL80ETC concert, 8, 51 
[Backstage passes to a TAFKAL80ETC concert, 10, -1] => Backstage passes to a TAFKAL80ETC concert, 9, 1 
[Backstage passes to a TAFKAL80ETC concert, 10, 0] => Backstage passes to a TAFKAL80ETC concert, 9, 2 
[Backstage passes to a TAFKAL80ETC concert, 10, 1] => Backstage passes to a TAFKAL80ETC concert, 9, 3 
[Backstage passes to a TAFKAL80ETC concert, 10, 2] => Backstage passes to a TAFKAL80ETC concert, 9, 4 
[Backstage passes to a TAFKAL80ETC concert, 10, 49] => Backstage passes to a TAFKAL80ETC concert, 9, 50 
[Backstage passes to a TAFKAL80ETC concert, 10, 50] => Backstage passes to a TAFKAL80ETC concert, 9, 50 
[Backstage passes to a TAFKAL80ETC concert, 10, 51] => Backstage passes to a TAFKAL80ETC concert, 9, 51 
[Backstage passes to a TAFKAL80ETC concert, 11, -1] => Backstage passes to a TAFKAL80ETC concert, 10, 0 
[Backstage passes to a TAFKAL80ETC concert, 11, 0] => Backstage passes to a TAFKAL80ETC concert, 10, 1 
[Backstage passes to a TAFKAL80ETC concert, 11, 1] => Backstage passes to a TAFKAL80ETC concert, 10, 2 
[Backstage passes to a TAFKAL80ETC concert, 11, 2] => Backstage passes to a TAFKAL80ETC concert, 10, 3 
[Backstage passes to a TAFKAL80ETC concert, 11, 49] => Backstage passes to a TAFKAL80ETC concert, 10, 50 
[Backstage passes to a TAFKAL80ETC concert, 11, 50] => Backstage passes to a TAFKAL80ETC concert, 10, 50 
[Backstage passes to a TAFKAL80ETC concert, 11, 51] => Backstage passes to a TAFKAL80ETC concert, 10, 51 
[Backstage passes to a TAFKAL80ETC concert, 12, -1] => Backstage passes to a TAFKAL80ETC concert, 11, 0 
[Backstage passes to a TAFKAL80ETC concert, 12, 0] => Backstage passes to a TAFKAL80ETC concert, 11, 1 
[Backstage passes to a TAFKAL80ETC concert, 12, 1] => Backstage passes to a TAFKAL80ETC concert, 11, 2 
[Backstage passes to a TAFKAL80ETC concert, 12, 2] => Backstage passes to a TAFKAL80ETC concert, 11, 3 
[Backstage passes to a TAFKAL80ETC concert, 12, 49] => Backstage passes to a TAFKAL80ETC concert, 11, 50 
[Backstage passes to a TAFKAL80ETC concert, 12, 50] => Backstage passes to a TAFKAL80ETC concert, 11, 50 
[Backstage passes to a TAFKAL80ETC concert, 12, 51] => Backstage passes to a TAFKAL80ETC concert, 11, 51 
[Backstage passes to a TAFKAL80ETC concert, 13, -1] => Backstage passes to a TAFKAL80ETC concert, 12, 0 
[Backstage passes to a TAFKAL80ETC concert, 13, 0] => Backstage passes to a TAFKAL80ETC concert, 12, 1 
[Backstage passes to a TAFKAL80ETC concert, 13, 1] => Backstage passes to a TAFKAL80ETC concert, 12, 2 
[Backstage passes to a TAFKAL80ETC concert, 13, 2] => Backstage passes to a TAFKAL80ETC concert, 12, 3 
[Backstage passes to a TAFKAL80ETC concert, 13, 49] => Backstage passes to a TAFKAL80ETC concert, 12, 50 
[Backstage passes to a TAFKAL80ETC concert, 13, 50] => Backstage passes to a TAFKAL80ETC concert, 12, 50 
[Backstage passes to a TAFKAL80ETC concert, 13, 51] => Backstage passes to a TAFKAL80ETC concert, 12, 51 
[Backstage passes to a TAFKAL80ETC concert, 14, -1] => Backstage passes to a TAFKAL80ETC concert, 13, 0 
[Backstage passes to a TAFKAL80ETC concert, 14, 0] => Backstage passes to a TAFKAL80ETC concert, 13, 1 
[Backstage passes to a TAFKAL80ETC concert, 14, 1] => Backstage passes to a TAFKAL80ETC concert, 13, 2 
[Backstage passes to a TAFKAL80ETC concert, 14, 2] => Backstage passes to a TAFKAL80ETC concert, 13, 3 
[Backstage passes to a TAFKAL80ETC concert, 14, 49] => Backstage passes to a TAFKAL80ETC concert, 13, 50 
[Backstage passes to a TAFKAL80ETC concert, 14, 50] => Backstage passes to a TAFKAL80ETC concert, 13, 50 
[Backstage passes to a TAFKAL80ETC concert, 14, 51] => Backstage passes to a TAFKAL80ETC concert, 13, 51 
[Backstage passes to a TAFKAL80ETC concert, 15, -1] => Backstage passes to a TAFKAL80ETC concert, 14, 0 
[Backstage passes to a TAFKAL80ETC concert, 15, 0] => Backstage passes to a TAFKAL80ETC concert, 14, 1 
[Backstage passes to a TAFKAL80ETC concert, 15, 1] => Backstage passes to a TAFKAL80ETC concert, 14, 2 
[Backstage passes to a TAFKAL80ETC concert, 15, 2] => Backstage passes to a TAFKAL80ETC concert, 14, 3 
[Backstage passes to a TAFKAL80ETC concert, 15, 49] => Backstage passes to a TAFKAL80ETC concert, 14, 50 
[Backstage passes to a TAFKAL80ETC concert, 15, 50] => Backstage passes to a TAFKAL80ETC concert, 14, 50 
[Backstage passes to a TAFKAL80ETC concert, 15, 51] => Backstage passes to a TAFKAL80ETC concert, 14, 51 
[Sulfuras, Hand of Ragnaros, -1, -1] => Sulfuras, Hand of Ragnaros, -1, -1 
[Sulfuras, Hand of Ragnaros, -1, 0] => Sulfuras, Hand of Ragnaros, -1, 0 
[Sulfuras, Hand of Ragnaros, -1, 1] => Sulfuras, Hand of Ragnaros, -1, 1 
[Sulfuras, Hand of Ragnaros, -1, 2] => Sulfuras, Hand of Ragnaros, -1, 2 
[Sulfuras, Hand of Ragnaros, -1, 49] => Sulfuras, Hand of Ragnaros, -1, 49 
[Sulfuras, Hand of Ragnaros, -1, 50] => Sulfuras, Hand of Ragnaros, -1, 50 
[Sulfuras, Hand of Ragnaros, -1, 51] => Sulfuras, Hand of Ragnaros, -1, 51 
[Sulfuras, Hand of Ragnaros, 0, -1] => Sulfuras, Hand of Ragnaros, 0, -1 
[Sulfuras, Hand of Ragnaros, 0, 0] => Sulfuras, Hand of Ragnaros, 0, 0 
[Sulfuras, Hand of Ragnaros, 0, 1] => Sulfuras, Hand of Ragnaros, 0, 1 
[Sulfuras, Hand of Ragnaros, 0, 2] => Sulfuras, Hand of Ragnaros, 0, 2 
[Sulfuras, Hand of Ragnaros, 0, 49] => Sulfuras, Hand of Ragnaros, 0, 49 
[Sulfuras, Hand of Ragnaros, 0, 50] => Sulfuras, Hand of Ragnaros, 0, 50 
[Sulfuras, Hand of Ragnaros, 0, 51] => Sulfuras, Hand of Ragnaros, 0, 51 
[Sulfuras, Hand of Ragnaros, 1, -1] => Sulfuras, Hand of Ragnaros, 1, -1 
[Sulfuras, Hand of Ragnaros, 1, 0] => Sulfuras, Hand of Ragnaros, 1, 0 
[Sulfuras, Hand of Ragnaros, 1, 1] => Sulfuras, Hand of Ragnaros, 1, 1 
[Sulfuras, Hand of Ragnaros, 1, 2] => Sulfuras, Hand of Ragnaros, 1, 2 
[Sulfuras, Hand of Ragnaros, 1, 49] => Sulfuras, Hand of Ragnaros, 1, 49 
[Sulfuras, Hand of Ragnaros, 1, 50] => Sulfuras, Hand of Ragnaros, 1, 50 
[Sulfuras, Hand of Ragnaros, 1, 51] => Sulfuras, Hand of Ragnaros, 1, 51 
[Sulfuras, Hand of Ragnaros, 2, -1] => Sulfuras, Hand of Ragnaros, 2, -1 
[Sulfuras, Hand of Ragnaros, 2, 0] => Sulfuras, Hand of Ragnaros, 2, 0 
[Sulfuras, Hand of Ragnaros, 2, 1] => Sulfuras, Hand of Ragnaros, 2, 1 
[Sulfuras, Hand of Ragnaros, 2, 2] => Sulfuras, Hand of Ragnaros, 2, 2 
[Sulfuras, Hand of Ragnaros, 2, 49] => Sulfuras, Hand of Ragnaros, 2, 49 
[Sulfuras, Hand of Ragnaros, 2, 50] => Sulfuras, Hand of Ragnaros, 2, 50 
[Sulfuras, Hand of Ragnaros, 2, 51] => Sulfuras, Hand of Ragnaros, 2, 51 
[Sulfuras, Hand of Ragnaros, 3, -1] => Sulfuras, Hand of Ragnaros, 3, -1 
[Sulfuras, Hand of Ragnaros, 3, 0] => Sulfuras, Hand of Ragnaros, 3, 0 
[Sulfuras, Hand of Ragnaros, 3, 1] => Sulfuras, Hand of Ragnaros, 3, 1 
[Sulfuras, Hand of Ragnaros, 3, 2] => Sulfuras, Hand of Ragnaros, 3, 2 
[Sulfuras, Hand of Ragnaros, 3, 49] => Sulfuras, Hand of Ragnaros, 3, 49 
[Sulfuras, Hand of Ragnaros, 3, 50] => Sulfuras, Hand of Ragnaros, 3, 50 
[Sulfuras, Hand of Ragnaros, 3, 51] => Sulfuras, Hand of Ragnaros, 3, 51 
[Sulfuras, Hand of Ragnaros, 4, -1] => Sulfuras, Hand of Ragnaros, 4, -1 
[Sulfuras, Hand of Ragnaros, 4, 0] => Sulfuras, Hand of Ragnaros, 4, 0 
[Sulfuras, Hand of Ragnaros, 4, 1] => Sulfuras, Hand of Ragnaros, 4, 1 
[Sulfuras, Hand of Ragnaros, 4, 2] => Sulfuras, Hand of Ragnaros, 4, 2 
[Sulfuras, Hand of Ragnaros, 4, 49] => Sulfuras, Hand of Ragnaros, 4, 49 
[Sulfuras, Hand of Ragnaros, 4, 50] => Sulfuras, Hand of Ragnaros, 4, 50 
[Sulfuras, Hand of Ragnaros, 4, 51] => Sulfuras, Hand of Ragnaros, 4, 51 
[Sulfuras, Hand of Ragnaros, 5, -1] => Sulfuras, Hand of Ragnaros, 5, -1 
[Sulfuras, Hand of Ragnaros, 5, 0] => Sulfuras, Hand of Ragnaros, 5, 0 
[Sulfuras, Hand of Ragnaros, 5, 1] => Sulfuras, Hand of Ragnaros, 5, 1 
[Sulfuras, Hand of Ragnaros, 5, 2] => Sulfuras, Hand of Ragnaros, 5, 2 
[Sulfuras, Hand of Ragnaros, 5, 49] => Sulfuras, Hand of Ragnaros, 5, 49 
[Sulfuras, Hand of Ragnaros, 5, 50] => Sulfuras, Hand of Ragnaros, 5, 50 
[Sulfuras, Hand of Ragnaros, 5, 51] => Sulfuras, Hand of Ragnaros, 5, 51 
[Sulfuras, Hand of Ragnaros, 6, -1] => Sulfuras, Hand of Ragnaros, 6, -1 
[Sulfuras, Hand of Ragnaros, 6, 0] => Sulfuras, Hand of Ragnaros, 6, 0 
[Sulfuras, Hand of Ragnaros, 6, 1] => Sulfuras, Hand of Ragnaros, 6, 1 
[Sulfuras, Hand of Ragnaros, 6, 2] => Sulfuras, Hand of Ragnaros, 6, 2 
[Sulfuras, Hand of Ragnaros, 6, 49] => Sulfuras, Hand of Ragnaros, 6, 49 
[Sulfuras, Hand of Ragnaros, 6, 50] => Sulfuras, Hand of Ragnaros, 6, 50 
[Sulfuras, Hand of Ragnaros, 6, 51] => Sulfuras, Hand of Ragnaros, 6, 51 
[Sulfuras, Hand of Ragnaros, 7, -1] => Sulfuras, Hand of Ragnaros, 7, -1 
[Sulfuras, Hand of Ragnaros, 7, 0] => Sulfuras, Hand of Ragnaros, 7, 0 
[Sulfuras, Hand of Ragnaros, 7, 1] => Sulfuras, Hand of Ragnaros, 7, 1 
[Sulfuras, Hand of Ragnaros, 7, 2] => Sulfuras, Hand of Ragnaros, 7, 2 
[Sulfuras, Hand of Ragnaros, 7, 49] => Sulfuras, Hand of Ragnaros, 7, 49 
[Sulfuras, Hand of Ragnaros, 7, 50] => Sulfuras, Hand of Ragnaros, 7, 50 
[Sulfuras, Hand of Ragnaros, 7, 51] => Sulfuras, Hand of Ragnaros, 7, 51 
[Sulfuras, Hand of Ragnaros, 8, -1] => Sulfuras, Hand of Ragnaros, 8, -1 
[Sulfuras, Hand of Ragnaros, 8, 0] => Sulfuras, Hand of Ragnaros, 8, 0 
[Sulfuras, Hand of Ragnaros, 8, 1] => Sulfuras, Hand of Ragnaros, 8, 1 
[Sulfuras, Hand of Ragnaros, 8, 2] => Sulfuras, Hand of Ragnaros, 8, 2 
[Sulfuras, Hand of Ragnaros, 8, 49] => Sulfuras, Hand of Ragnaros, 8, 49 
[Sulfuras, Hand of Ragnaros, 8, 50] => Sulfuras, Hand of Ragnaros, 8, 50 
[Sulfuras, Hand of Ragnaros, 8, 51] => Sulfuras, Hand of Ragnaros, 8, 51 
[Sulfuras, Hand of Ragnaros, 9, -1] => Sulfuras, Hand of Ragnaros, 9, -1 
[Sulfuras, Hand of Ragnaros, 9, 0] => Sulfuras, Hand of Ragnaros, 9, 0 
[Sulfuras, Hand of Ragnaros, 9, 1] => Sulfuras, Hand of Ragnaros, 9, 1 
[Sulfuras, Hand of Ragnaros, 9, 2] => Sulfuras, Hand of Ragnaros, 9, 2 
[Sulfuras, Hand of Ragnaros, 9, 49] => Sulfuras, Hand of Ragnaros, 9, 49 
[Sulfuras, Hand of Ragnaros, 9, 50] => Sulfuras, Hand of Ragnaros, 9, 50 
[Sulfuras, Hand of Ragnaros, 9, 51] => Sulfuras, Hand of Ragnaros, 9, 51 
[Sulfuras, Hand of Ragnaros, 10, -1] => Sulfuras, Hand of Ragnaros, 10, -1 
[Sulfuras, Hand of Ragnaros, 10, 0] => Sulfuras, Hand of Ragnaros, 10, 0 
[Sulfuras, Hand of Ragnaros, 10, 1] => Sulfuras, Hand of Ragnaros, 10, 1 
[Sulfuras, Hand of Ragnaros, 10, 2] => Sulfuras, Hand of Ragnaros, 10, 2 
[Sulfuras, Hand of Ragnaros, 10, 49] => Sulfuras, Hand of Ragnaros, 10, 49 
[Sulfuras, Hand of Ragnaros, 10, 50] => Sulfuras, Hand of Ragnaros, 10, 50 
[Sulfuras, Hand of Ragnaros, 10, 51] => Sulfuras, Hand of Ragnaros, 10, 51 
[Sulfuras, Hand of Ragnaros, 11, -1] => Sulfuras, Hand of Ragnaros, 11, -1 
[Sulfuras, Hand of Ragnaros, 11, 0] => Sulfuras, Hand of Ragnaros, 11, 0 
[Sulfuras, Hand of Ragnaros, 11, 1] => Sulfuras, Hand of Ragnaros, 11, 1 
[Sulfuras, Hand of Ragnaros, 11, 2] => Sulfuras, Hand of Ragnaros, 11, 2 
[Sulfuras, Hand of Ragnaros, 11, 49] => Sulfuras, Hand of Ragnaros, 11, 49 
[Sulfuras, Hand of Ragnaros, 11, 50] => Sulfuras, Hand of Ragnaros, 11, 50 
[Sulfuras, Hand of Ragnaros, 11, 51] => Sulfuras, Hand of Ragnaros, 11, 51 
[Sulfuras, Hand of Ragnaros, 12, -1] => Sulfuras, Hand of Ragnaros, 12, -1 
[Sulfuras, Hand of Ragnaros, 12, 0] => Sulfuras, Hand of Ragnaros, 12, 0 
[Sulfuras, Hand of Ragnaros, 12, 1] => Sulfuras, Hand of Ragnaros, 12, 1 
[Sulfuras, Hand of Ragnaros, 12, 2] => Sulfuras, Hand of Ragnaros, 12, 2 
[Sulfuras, Hand of Ragnaros, 12, 49] => Sulfuras, Hand of Ragnaros, 12, 49 
[Sulfuras, Hand of Ragnaros, 12, 50] => Sulfuras, Hand of Ragnaros, 12, 50 
[Sulfuras, Hand of Ragnaros, 12, 51] => Sulfuras, Hand of Ragnaros, 12, 51 
[Sulfuras, Hand of Ragnaros, 13, -1] => Sulfuras, Hand of Ragnaros, 13, -1 
[Sulfuras, Hand of Ragnaros, 13, 0] => Sulfuras, Hand of Ragnaros, 13, 0 
[Sulfuras, Hand of Ragnaros, 13, 1] => Sulfuras, Hand of Ragnaros, 13, 1 
[Sulfuras, Hand of Ragnaros, 13, 2] => Sulfuras, Hand of Ragnaros, 13, 2 
[Sulfuras, Hand of Ragnaros, 13, 49] => Sulfuras, Hand of Ragnaros, 13, 49 
[Sulfuras, Hand of Ragnaros, 13, 50] => Sulfuras, Hand of Ragnaros, 13, 50 
[Sulfuras, Hand of Ragnaros, 13, 51] => Sulfuras, Hand of Ragnaros, 13, 51 
[Sulfuras, Hand of Ragnaros, 14, -1] => Sulfuras, Hand of Ragnaros, 14, -1 
[Sulfuras, Hand of Ragnaros, 14, 0] => Sulfuras, Hand of Ragnaros, 14, 0 
[Sulfuras, Hand of Ragnaros, 14, 1] => Sulfuras, Hand of Ragnaros, 14, 1 
[Sulfuras, Hand of Ragnaros, 14, 2] => Sulfuras, Hand of Ragnaros, 14, 2 
[Sulfuras, Hand of Ragnaros, 14, 49] => Sulfuras, Hand of Ragnaros, 14, 49 
[Sulfuras, Hand of Ragnaros, 14, 50] => Sulfuras, Hand of Ragnaros, 14, 50 
[Sulfuras, Hand of Ragnaros, 14, 51] => Sulfuras, Hand of Ragnaros, 14, 51 
[Sulfuras, Hand of Ragnaros, 15, -1] => Sulfuras, Hand of Ragnaros, 15, -1 
[Sulfuras, Hand of Ragnaros, 15, 0] => Sulfuras, Hand of Ragnaros, 15, 0 
[Sulfuras, Hand of Ragnaros, 15, 1] => Sulfuras, Hand of Ragnaros, 15, 1 
[Sulfuras, Hand of Ragnaros, 15, 2] => Sulfuras, Hand of Ragnaros, 15, 2 
[Sulfuras, Hand of Ragnaros, 15, 49] => Sulfuras, Hand of Ragnaros, 15, 49 
[Sulfuras, Hand of Ragnaros, 15, 50] => Sulfuras, Hand of Ragnaros, 15, 50 
[Sulfuras, Hand of Ragnaros, 15, 51] => Sulfuras, Hand of Ragnaros, 15, 51 
[Conjured Mana Cake, -1, -1] => Conjured Mana Cake, -2, 0 
[Conjured Mana Cake, -1, 0] => Conjured Mana Cake, -2, 0 
[Conjured Mana Cake, -1, 1] => Conjured Mana Cake, -2, 0 
[Conjured Mana Cake, -1, 2] => Conjured Mana Cake, -2, 0 
[Conjured Mana Cake, -1, 49] => Conjured Mana Cake, -2, 45 
[Conjured Mana Cake, -1, 50] => Conjured Mana Cake, -2, 46 
[Conjured Mana Cake, -1, 51] => Conjured Mana Cake, -2, 47 
[Conjured Mana Cake, 0, -1] => Conjured Mana Cake, -1, 0 
[Conjured Mana Cake, 0, 0] => Conjured Mana Cake, -1, 0 
[Conjured Mana Cake, 0, 1] => Conjured Mana Cake, -1, 0 
[Conjured Mana Cake, 0, 2] => Conjured Mana Cake, -1, 0 
[Conjured Mana Cake, 0, 49] => Conjured Mana Cake, -1, 45 
[Conjured Mana Cake, 0, 50] => Conjured Mana Cake, -1, 46 
[Conjured Mana Cake, 0, 51] => Conjured Mana Cake, -1, 47 
[Conjured Mana Cake, 1, -1] => Conjured Mana Cake, 0, 0 
[Conjured Mana Cake, 1, 0] => Conjured Mana Cake, 0, 0 
[Conjured Mana Cake, 1, 1] => Conjured Mana Cake, 0, 0 
[Conjured Mana Cake, 1, 2] => Conjured Mana Cake, 0, 0 
[Conjured Mana Cake, 1, 49] => Conjured Mana Cake, 0, 47 
[Conjured Mana Cake, 1, 50] => Conjured Mana Cake, 0, 48 
[Conjured Mana Cake, 1, 51] => Conjured Mana Cake, 0, 49 
[Conjured Mana Cake, 2, -1] => Conjured Mana Cake, 1, 0 
[Conjured Mana Cake, 2, 0] => Conjured Mana Cake, 1, 0 
[Conjured Mana Cake, 2, 1] => Conjured Mana Cake, 1, 0 
[Conjured Mana Cake, 2, 2] => Conjured Mana Cake, 1, 0 
[Conjured Mana Cake, 2, 49] => Conjured Mana Cake, 1, 47 
[Conjured Mana Cake, 2, 50] => Conjured Mana Cake, 1, 48 
[Conjured Mana Cake, 2, 51] => Conjured Mana Cake, 1, 49 
[Conjured Mana Cake, 3, -1] => Conjured Mana Cake, 2, 0 
[Conjured Mana Cake, 3, 0] => Conjured Mana Cake, 2, 0 
[Conjured Mana Cake, 3, 1] => Conjured Mana Cake, 2, 0 
[Conjured Mana Cake, 3, 2] => Conjured Mana Cake, 2, 0 
[Conjured Mana Cake, 3, 49] => Conjured Mana Cake, 2, 47 
[Conjured Mana Cake, 3, 50] => Conjured Mana Cake, 2, 48 
[Conjured Mana Cake, 3, 51] => Conjured Mana Cake, 2, 49 
[Conjured Mana Cake, 4, -1] => Conjured Mana Cake, 3, 0 
[Conjured Mana Cake, 4, 0] => Conjured Mana Cake, 3, 0 
[Conjured Mana Cake, 4, 1] => Conjured Mana Cake, 3, 0 
[Conjured Mana Cake, 4, 2] => Conjured Mana Cake, 3, 0 
[Conjured Mana Cake, 4, 49] => Conjured Mana Cake, 3, 47 
[Conjured Mana Cake, 4, 50] => Conjured Mana Cake, 3, 48 
[Conjured Mana Cake, 4, 51] => Conjured Mana Cake, 3, 49 
[Conjured Mana Cake, 5, -1] => Conjured Mana Cake, 4, 0 
[Conjured Mana Cake, 5, 0] => Conjured Mana Cake, 4, 0 
[Conjured Mana Cake, 5, 1] => Conjured Mana Cake, 4, 0 
[Conjured Mana Cake, 5, 2] => Conjured Mana Cake, 4, 0 
[Conjured Mana Cake, 5, 49] => Conjured Mana Cake, 4, 47 
[Conjured Mana Cake, 5, 50] => Conjured Mana Cake, 4, 48 
[Conjured Mana Cake, 5, 51] => Conjured Mana Cake, 4, 49 
[Conjured Mana Cake, 6, -1] => Conjured Mana Cake, 5, 0 
[Conjured Mana Cake, 6, 0] => Conjured Mana Cake, 5, 0 
[Conjured Mana Cake, 6, 1] => Conjured Mana Cake, 5, 0 
[Conjured Mana Cake, 6, 2] => Conjured Mana Cake, 5, 0 
[Conjured Mana Cake, 6, 49] => Conjured Mana Cake, 5, 47 
[Conjured Mana Cake, 6, 50] => Conjured Mana Cake, 5, 48 
[Conjured Mana Cake, 6, 51] => Conjured Mana Cake, 5, 49 
[Conjured Mana Cake, 7, -1] => Conjured Mana Cake, 6, 0 
[Conjured Mana Cake, 7, 0] => Conjured Mana Cake, 6, 0 
[Conjured Mana Cake, 7, 1] => Conjured Mana Cake, 6, 0 
[Conjured Mana Cake, 7, 2] => Conjured Mana Cake, 6, 0 
[Conjured Mana Cake, 7, 49] => Conjured Mana Cake, 6, 47 
[Conjured Mana Cake, 7, 50] => Conjured Mana Cake, 6, 48 
[Conjured Mana Cake, 7, 51] => Conjured Mana Cake, 6, 49 
[Conjured Mana Cake, 8, -1] => Conjured Mana Cake, 7, 0 
[Conjured Mana Cake, 8, 0] => Conjured Mana Cake, 7, 0 
[Conjured Mana Cake, 8, 1] => Conjured Mana Cake, 7, 0 
[Conjured Mana Cake, 8, 2] => Conjured Mana Cake, 7, 0 
[Conjured Mana Cake, 8, 49] => Conjured Mana Cake, 7, 47 
[Conjured Mana Cake, 8, 50] => Conjured Mana Cake, 7, 48 
[Conjured Mana Cake, 8, 51] => Conjured Mana Cake, 7, 49 
[Conjured Mana Cake, 9, -1] => Conjured Mana Cake, 8, 0 
[Conjured Mana Cake, 9, 0] => Conjured Mana Cake, 8, 0 
[Conjured Mana Cake, 9, 1] => Conjured Mana Cake, 8, 0 
[Conjured Mana Cake, 9, 2] => Conjured Mana Cake, 8, 0 
[Conjured Mana Cake, 9, 49] => Conjured Mana Cake, 8, 47 
[Conjured Mana Cake, 9, 50] => Conjured Mana Cake, 8, 48 
[Conjured Mana Cake, 9, 51] => Conjured Mana Cake, 8, 49 
[Conjured Mana Cake, 10, -1] => Conjured Mana Cake, 9, 0 
[Conjured Mana Cake, 10, 0] => Conjured Mana Cake, 9, 0 
[Conjured Mana Cake, 10, 1] => Conjured Mana Cake, 9, 0 
[Conjured Mana Cake, 10, 2] => Conjured Mana Cake, 9, 0 
[Conjured Mana Cake, 10, 49] => Conjured Mana Cake, 9, 47 
[Conjured Mana Cake, 10, 50] => Conjured Mana Cake, 9, 48 
[Conjured Mana Cake, 10, 51] => Conjured Mana Cake, 9, 49 
[Conjured Mana Cake, 11, -1] => Conjured Mana Cake, 10, 0 
[Conjured Mana Cake, 11, 0] => Conjured Mana Cake, 10, 0 
[Conjured Mana Cake, 11, 1] => Conjured Mana Cake, 10, 0 
[Conjured Mana Cake, 11, 2] => Conjured Mana Cake, 10, 0 
[Conjured Mana Cake, 11, 49] => Conjured Mana Cake, 10, 47 
[Conjured Mana Cake, 11, 50] => Conjured Mana Cake, 10, 48 
[Conjured Mana Cake, 11, 51] => Conjured Mana Cake, 10, 49 
[Conjured Mana Cake, 12, -1] => Conjured Mana Cake, 11, 0 
[Conjured Mana Cake, 12, 0] => Conjured Mana Cake, 11, 0 
[Conjured Mana Cake, 12, 1] => Conjured Mana Cake, 11, 0 
[Conjured Mana Cake, 12, 2] => Conjured Mana Cake, 11, 0 
[Conjured Mana Cake, 12, 49] => Conjured Mana Cake, 11, 47 
[Conjured Mana Cake, 12, 50] => Conjured Mana Cake, 11, 48 
[Conjured Mana Cake, 12, 51] => Conjured Mana Cake, 11, 49 
[Conjured Mana Cake, 13, -1] => Conjured Mana Cake, 12, 0 
[Conjured Mana Cake, 13, 0] => Conjured Mana Cake, 12, 0 
[Conjured Mana Cake, 13, 1] => Conjured Mana Cake, 12, 0 
[Conjured Mana Cake, 13, 2] => Conjured Mana Cake, 12, 0 
[Conjured Mana Cake, 13, 49] => Conjured Mana Cake, 12, 47 
[Conjured Mana Cake, 13, 50] => Conjured Mana Cake, 12, 48 
[Conjured Mana Cake, 13, 51] => Conjured Mana Cake, 12, 49 
[Conjured Mana Cake, 14, -1] => Conjured Mana Cake, 13, 0 
[Conjured Mana Cake, 14, 0] => Conjured Mana Cake, 13, 0 
[Conjured Mana Cake, 14, 1] => Conjured Mana Cake, 13, 0 
[Conjured Mana Cake, 14, 2] => Conjured Mana Cake, 13, 0 
[Conjured Mana Cake, 14, 49] => Conjured Mana Cake, 13, 47 
[Conjured Mana Cake, 14, 50] => Conjured Mana Cake, 13, 48 
[Conjured Mana Cake, 14, 51] => Conjured Mana Cake, 13, 49 
[Conjured Mana Cake, 15, -1] => Conjured Mana Cake, 14, 0 
[Conjured Mana Cake, 15, 0] => Conjured Mana Cake, 14, 0 
[Conjured Mana Cake, 15, 1] => Conjured Mana Cake, 14, 0 
[Conjured Mana Cake, 15, 2] => Conjured Mana Cake, 14, 0 
[Conjured Mana Cake, 15, 49] => Conjured Mana Cake, 14, 47 
[Conjured Mana Cake, 15, 50] => Conjured Mana Cake, 14, 48 
[Conjured Mana Cake, 15, 51] => Conjured Mana Cake, 14, 49 
